[release-check] running control-plane validation, helper runtime capability probe, packaged helper smoke, helper authority-boundary, artifact-layout, runtime-contract, role-gating, structured-output, observability regressions, local .agent runtime parity, package-owned verifier entrypoint parity, role/protocol path parity, slice-surface parity, explicit-/cook parity, startup/refocus/context/worktree-root regressions, agent_end auto-resume delivery coverage, canonical evidence artifact, active-slice contract, observability, completion-role gating, dirty-worktree policy, stop-wave epoch, legacy cleanup, evaluator calibration, structured-report repair coverage, and rubric contract coverage
helper runtime capability probe verified packaged helper-tools loading at /private/var/folders/2v/jqmqtm4s5vjdqs4b_k_wxwl00000gn/T/tmp.ODswzHdRZp/install/node_modules/@linimin/pi-letscook
helper runtime capability test passed: /var/folders/2v/jqmqtm4s5vjdqs4b_k_wxwl00000gn/T/tmp.ODswzHdRZp/install/node_modules/@linimin/pi-letscook
helper packaging smoke test passed: /var/folders/2v/jqmqtm4s5vjdqs4b_k_wxwl00000gn/T/tmp.inQsowXfY6/install/node_modules/@linimin/pi-letscook
helper authority boundary test passed
helper artifact layout test passed
helper runtime contract test passed
helper role gating test passed
helper structured output test passed
helper observability test passed
[release-check] verifying public /cook parity and primary-agent-handoff docs/help
smoke test passed: /var/folders/2v/jqmqtm4s5vjdqs4b_k_wxwl00000gn/T/tmp.708XkPMT2D/repo
agent-end auto-resume test passed: /var/folders/2v/jqmqtm4s5vjdqs4b_k_wxwl00000gn/T/tmp.jsXWhl2FQJ/repo
refocus test passed: /var/folders/2v/jqmqtm4s5vjdqs4b_k_wxwl00000gn/T/tmp.yXwBuHVv9L
context proposal test passed: /var/folders/2v/jqmqtm4s5vjdqs4b_k_wxwl00000gn/T/tmp.fAnq2pb6A5/repo
worktree root boundary test passed: /var/folders/2v/jqmqtm4s5vjdqs4b_k_wxwl00000gn/T/tmp.VSVFWeY9F2/lobster/.worktrees/cdn-onboarding-direct and /var/folders/2v/jqmqtm4s5vjdqs4b_k_wxwl00000gn/T/tmp.VSVFWeY9F2/lobster/.worktrees/cdn-onboarding-session
role-runner contract test passed
canonical evidence artifact test passed: /var/folders/2v/jqmqtm4s5vjdqs4b_k_wxwl00000gn/T/tmp.Fav47fD68N
active-slice contract test passed: /var/folders/2v/jqmqtm4s5vjdqs4b_k_wxwl00000gn/T/tmp.9yRLD8c7us
observability status test passed: /var/folders/2v/jqmqtm4s5vjdqs4b_k_wxwl00000gn/T/tmp.e83WPPoHsf
completion-role gating test passed
dirty-worktree policy test passed
stop-wave epoch test passed
legacy cleanup test passed: /Users/linimin/dev/pi-letscook
evaluator calibration test passed
report repair test passed
rubric contract test passed
[release-check] verifying packaged workflow assets in npm pack output
release check passed
